[07:06:46] This is prokka 1.15.6
[07:06:46] Written by Torsten Seemann <torsten.seemann@gmail.com>
[07:06:46] Homepage is https://github.com/tseemann/prokka
[07:06:46] Local time is Wed Dec 17 07:06:46 2025
[07:06:46] You are akash
[07:06:46] Operating system is linux
[07:06:46] You have BioPerl 1.7.8
[07:06:46] System has 8 cores.
[07:06:46] Will use maximum of 4 cores.
[07:06:46] Annotating as >>> Viruses <<<
[07:06:46] Generating locus_tag from 'phage_filtered_contigs.fasta' contents.
[07:06:46] Setting --locustag BOPHJHGO from MD5 b8913108d0941702a5f4d149a093bb51
[07:06:46] Creating new output folder: prokka_phagekp_v2
[07:06:46] Running: mkdir -p prokka_phagekp_v2
[07:06:46] Using filename prefix: phageKP.XXX
[07:06:46] Setting HMMER_NCPU=1
[07:06:46] Writing log to: prokka_phagekp_v2/phageKP.log
[07:06:46] Command: /home/akash/miniconda3/envs/prokka_env/bin/prokka phage_filtered_contigs.fasta --outdir prokka_phagekp_v2 --prefix phageKP --kingdom Viruses --cpus 4
[07:06:46] Looking for 'aragorn' - found /home/akash/miniconda3/envs/prokka_env/bin/aragorn
[07:06:46] Determined aragorn version is v1.2 from 'ARAGORN v1.2.41 Dean Laslett'
[07:06:46] Looking for 'barrnap' - found /home/akash/miniconda3/envs/prokka_env/bin/barrnap
[07:06:46] Determined barrnap version is v0.9 from 'barrnap 0.9'
[07:06:46] Looking for 'blastp' - found /home/akash/miniconda3/envs/prokka_env/bin/blastp
[07:06:47] Determined blastp version is v2.16 from 'blastp: 2.16.0+'
[07:06:47] Looking for 'cmpress' - found /home/akash/miniconda3/envs/prokka_env/bin/cmpress
[07:06:47] Determined cmpress version is v1.1 from '# INFERNAL 1.1.5 (Sep 2023)'
[07:06:47] Looking for 'cmscan' - found /home/akash/miniconda3/envs/prokka_env/bin/cmscan
[07:06:47] Determined cmscan version is v1.1 from '# INFERNAL 1.1.5 (Sep 2023)'
[07:06:47] Looking for 'egrep' - found /usr/bin/egrep
[07:06:47] Looking for 'find' - found /usr/bin/find
[07:06:47] Looking for 'grep' - found /usr/bin/grep
[07:06:47] Looking for 'hmmpress' - found /home/akash/miniconda3/envs/prokka_env/bin/hmmpress
[07:06:47] Determined hmmpress version is v3.4 from '# HMMER 3.4 (Aug 2023); http://hmmer.org/'
[07:06:47] Looking for 'hmmscan' - found /home/akash/miniconda3/envs/prokka_env/bin/hmmscan
[07:06:47] Determined hmmscan version is v3.4 from '# HMMER 3.4 (Aug 2023); http://hmmer.org/'
[07:06:47] Looking for 'java' - found /home/akash/miniconda3/envs/prokka_env/bin/java
[07:06:47] Looking for 'makeblastdb' - found /home/akash/miniconda3/envs/prokka_env/bin/makeblastdb
[07:06:47] Determined makeblastdb version is v2.16 from 'makeblastdb: 2.16.0+'
[07:06:47] Looking for 'minced' - found /home/akash/miniconda3/envs/prokka_env/bin/minced
[07:06:47] Determined minced version is v4.2 from 'minced 0.4.2'
[07:06:47] Looking for 'parallel' - found /home/akash/miniconda3/envs/prokka_env/bin/parallel
[07:06:47] Determined parallel version is 20251122 from 'GNU parallel 20251122'
[07:06:47] Looking for 'prodigal' - found /home/akash/miniconda3/envs/prokka_env/bin/prodigal
[07:06:47] Determined prodigal version is v2.6 from 'Prodigal V2.6.3: February, 2016'
[07:06:47] Looking for 'prokka-genbank_to_fasta_db' - found /home/akash/miniconda3/envs/prokka_env/bin/prokka-genbank_to_fasta_db
[07:06:47] Looking for 'sed' - found /usr/bin/sed
[07:06:47] Looking for 'tbl2asn' - found /home/akash/miniconda3/envs/prokka_env/bin/tbl2asn
[07:06:48] Determined tbl2asn version is v25.7 from 'tbl2asn 25.7   arguments:'
[07:06:48] Using genetic code table 1.
[07:06:48] Loading and checking input file: phage_filtered_contigs.fasta
[07:06:48] Wrote 103 contigs totalling 605736 bp.
[07:06:48] Predicting tRNAs and tmRNAs
[07:06:48] Running: aragorn -l -gc1  -w prokka_phagekp_v2\/phageKP\.fna
[07:06:48] 1 tRNA-Lys c[62,137] 34 (ttt)
[07:06:48] 1 tRNA-Met c[4085,4160] 34 (cat)
[07:06:48] Found 2 tRNAs
[07:06:48] Disabling rRNA search: --kingdom=Viruses or --norrna=0
[07:06:48] Skipping ncRNA search, enable with --rfam if desired.
[07:06:48] Total of 2 tRNA + rRNA features
[07:06:48] Searching for CRISPR repeats
[07:06:49] Found 0 CRISPRs
[07:06:49] Predicting coding sequences
[07:06:49] Contigs total 605736 bp, so using single mode
[07:06:49] Running: prodigal -i prokka_phagekp_v2\/phageKP\.fna -c -m -g 1 -p single -f sco -q
[07:06:50] Found 542 CDS
[07:06:50] Connecting features back to sequences
[07:06:50] Not using genus-specific database. Try --usegenus to enable it.
[07:06:50] Annotating CDS, please be patient.
[07:06:50] Will use 4 CPUs for similarity searching.
[07:06:50] There are still 542 unannotated CDS left (started with 542)
[07:06:50] Will use blast to search against /home/akash/miniconda3/envs/prokka_env/db/kingdom/Viruses/sprot with 4 CPUs
[07:06:50] Running: cat prokka_phagekp_v2\/phageKP\.sprot\.tmp\.10480\.faa | parallel --gnu --plain -j 4 --block 20234 --recstart '>' --pipe blastp -query - -db /home/akash/miniconda3/envs/prokka_env/db/kingdom/Viruses/sprot -evalue 1e-09 -qcov_hsp_perc 80 -num_threads 1 -num_descriptions 1 -num_alignments 1 -seg no > prokka_phagekp_v2\/phageKP\.sprot\.tmp\.10480\.blast 2> /dev/null
[07:06:52] Deleting unwanted file: prokka_phagekp_v2/phageKP.sprot.tmp.10480.faa
[07:06:52] Deleting unwanted file: prokka_phagekp_v2/phageKP.sprot.tmp.10480.blast
[07:06:52] Labelling remaining 535 proteins as 'hypothetical protein'
[07:06:52] Found 4 unique /gene codes.
[07:06:52] Fixed 0 colliding /gene names.
[07:06:52] Adding /locus_tag identifiers
[07:06:52] Assigned 544 locus_tags to CDS and RNA features.
[07:06:52] Writing outputs to prokka_phagekp_v2/
[07:06:53] Generating annotation statistics file
[07:06:53] Generating Genbank and Sequin files
[07:06:53] Running: tbl2asn -V b -a r10k -l paired-ends -M n -N 1 -y 'Annotated using prokka 1.15.6 from https://github.com/tseemann/prokka' -Z prokka_phagekp_v2\/phageKP\.err -i prokka_phagekp_v2\/phageKP\.fsa 2> /dev/null
[07:06:55] Deleting unwanted file: prokka_phagekp_v2/errorsummary.val
[07:06:55] Deleting unwanted file: prokka_phagekp_v2/phageKP.dr
[07:06:55] Deleting unwanted file: prokka_phagekp_v2/phageKP.fixedproducts
[07:06:55] Deleting unwanted file: prokka_phagekp_v2/phageKP.ecn
[07:06:55] Deleting unwanted file: prokka_phagekp_v2/phageKP.val
[07:06:55] Repairing broken .GBK output that tbl2asn produces...
[07:06:55] Running: sed 's/COORDINATES: profile/COORDINATES:profile/' < prokka_phagekp_v2\/phageKP\.gbf > prokka_phagekp_v2\/phageKP\.gbk
[07:06:55] Deleting unwanted file: prokka_phagekp_v2/phageKP.gbf
[07:06:55] Output files:
[07:06:55] prokka_phagekp_v2/phageKP.err
[07:06:55] prokka_phagekp_v2/phageKP.faa
[07:06:55] prokka_phagekp_v2/phageKP.ffn
[07:06:55] prokka_phagekp_v2/phageKP.fna
[07:06:55] prokka_phagekp_v2/phageKP.fsa
[07:06:55] prokka_phagekp_v2/phageKP.gbk
[07:06:55] prokka_phagekp_v2/phageKP.gff
[07:06:55] prokka_phagekp_v2/phageKP.log
[07:06:55] prokka_phagekp_v2/phageKP.sqn
[07:06:55] prokka_phagekp_v2/phageKP.tbl
[07:06:55] prokka_phagekp_v2/phageKP.tsv
[07:06:55] prokka_phagekp_v2/phageKP.txt
[07:06:55] Annotation finished successfully.
[07:06:55] Walltime used: 0.15 minutes
[07:06:55] If you use this result please cite the Prokka paper:
[07:06:55] Seemann T (2014) Prokka: rapid prokaryotic genome annotation. Bioinformatics. 30(14):2068-9.
[07:06:55] Type 'prokka --citation' for more details.
[07:06:55] Share and enjoy!
